Opening file banshee.res
Reading banw001.cpc ...
Reading banw002.cpc ...
Reading banw003.cpc ...
Reading banw004.cpc ...
Reading banw005.cpc ...
Reading banw006.cpc ...
Reading banw007.cpc ...
Reading banw008.cpc ...
Reading banw009.cpc ...
Reading banw010.cpc ...
Reading banw011.cpc ...
Reading banw012.cpc ...
Reading banw013.cpc ...
Reading banw014.cpc ...
Reading banw015.cpc ...
Reading banw016.cpc ...
Reading banw017.cpc ...
Reading banw018.cpc ...
Reading banw019.cpc ...
Reading banw020.cpc ...
Reading banw021.cpc ...
Reading banw022.cpc ...
Reading banw023.cpc ...
Reading banw024.cpc ...
Reading banw025.cpc ...
Reading banw026.cpc ...
Reading banw027.cpc ...
Reading banw028.cpc ...
Reading banw029.cpc ...
Reading banw030.cpc ...
Reading banw031.cpc ...
Reading banw032.cpc ...
Reading banw033.cpc ...
Reading banw034.cpc ...
Reading banw035.cpc ...
Reading banw036.cpc ...
Reading banw037.cpc ...
Reading banw038.cpc ...
Reading banw039.cpc ...
Reading banw040.cpc ...
Reading bana001.cpc ...
Reading bana002.cpc ...
Reading bana003.cpc ...
Reading bana004.cpc ...
Reading bana005.cpc ...
Reading bana006.cpc ...
Reading bana007.cpc ...
Reading bana008.cpc ...
Reading bana009.cpc ...
Reading bana010.cpc ...
Reading bana011.cpc ...
Reading bana012.cpc ...
Reading bana013.cpc ...
Reading bana014.cpc ...
Reading bana015.cpc ...
Reading bana016.cpc ...
Reading bana017.cpc ...
Reading bana018.cpc ...
Reading bana019.cpc ...
Reading bana020.cpc ...
Reading bana021.cpc ...
Reading bana022.cpc ...
Reading bana023.cpc ...
Reading bana024.cpc ...
Reading bana025.cpc ...
Reading bana026.cpc ...
Reading bana027.cpc ...
Reading bana028.cpc ...
Reading bana029.cpc ...
Reading bana030.cpc ...
Reading bana031.cpc ...
Reading bana032.cpc ...
Reading bana033.cpc ...
Reading bana034.cpc ...
Reading bana035.cpc ...
Reading bana036.cpc ...
Reading bana037.cpc ...
Reading bana038.cpc ...
Reading bana039.cpc ...
Reading bana040.cpc ...
Reading band001.cpc ...
Reading band002.cpc ...
Reading band003.cpc ...
Reading band004.cpc ...
Reading band005.cpc ...
Reading band006.cpc ...
Reading band007.cpc ...
Reading band008.cpc ...
Reading band009.cpc ...
Reading band010.cpc ...
Reading band011.cpc ...
Reading band012.cpc ...
Reading band013.cpc ...
Reading band014.cpc ...
Reading band015.cpc ...
Reading band016.cpc ...
Reading band017.cpc ...
Reading band018.cpc ...
Reading band019.cpc ...
Reading band020.cpc ...
Reading band021.cpc ...
Reading band022.cpc ...
Reading band023.cpc ...
Reading band024.cpc ...
Reading band025.cpc ...
Reading band026.cpc ...
Reading band027.cpc ...
Reading band028.cpc ...
Reading band029.cpc ...
Reading band030.cpc ...
Reading band031.cpc ...
Reading band032.cpc ...
Reading band033.cpc ...
Reading band034.cpc ...
Reading band035.cpc ...
Reading band036.cpc ...
Reading band037.cpc ...
Reading band038.cpc ...
Reading band039.cpc ...
Reading band040.cpc ...
Reading banshee.oaf ...
Total:  121 indexes
