Opening file ROMAN.res
Reading rmnatk01.cpc ...
Reading rmnatk02.cpc ...
Reading rmnatk03.cpc ...
Reading rmnatk04.cpc ...
Reading rmnatk05.cpc ...
Reading rmnatk06.cpc ...
Reading rmnatk07.cpc ...
Reading rmnatk08.cpc ...
Reading rmnatk09.cpc ...
Reading rmnatk10.cpc ...
Reading rmnatk11.cpc ...
Reading rmnatk12.cpc ...
Reading rmnatk13.cpc ...
Reading rmnatk14.cpc ...
Reading rmnatk15.cpc ...
Reading rmnatk16.cpc ...
Reading rmndi01.cpc ...
Reading rmndi02.cpc ...
Reading rmndi03.cpc ...
Reading rmndi04.cpc ...
Reading rmndi05.cpc ...
Reading rmndi06.cpc ...
Reading rmndi07.cpc ...
Reading rmndi08.cpc ...
Reading rmndi09.cpc ...
Reading rmndi10.cpc ...
Reading rmndi11.cpc ...
Reading rmndi12.cpc ...
Reading rmndi13.cpc ...
Reading rmndi14.cpc ...
Reading rmndi15.cpc ...
Reading rmndi16.cpc ...
Reading rmndi17.cpc ...
Reading rmndi18.cpc ...
Reading rmndi19.cpc ...
Reading rmndi20.cpc ...
Reading rmndi21.cpc ...
Reading rmndi22.cpc ...
Reading rmndi23.cpc ...
Reading rmndi24.cpc ...
Reading rmndi25.cpc ...
Reading rmndi26.cpc ...
Reading rmndi27.cpc ...
Reading rmndi28.cpc ...
Reading rmndi29.cpc ...
Reading rmndi30.cpc ...
Reading rmndi31.cpc ...
Reading rmndi32.cpc ...
Reading rmnwlk01.cpc ...
Reading rmnwlk02.cpc ...
Reading rmnwlk03.cpc ...
Reading rmnwlk04.cpc ...
Reading rmnwlk05.cpc ...
Reading rmnwlk06.cpc ...
Reading rmnwlk07.cpc ...
Reading rmnwlk08.cpc ...
Reading rmnwlk09.cpc ...
Reading rmnwlk10.cpc ...
Reading rmnwlk11.cpc ...
Reading rmnwlk12.cpc ...
Reading rmnwlk13.cpc ...
Reading rmnwlk14.cpc ...
Reading rmnwlk15.cpc ...
Reading rmnwlk16.cpc ...
Reading rmnwlk17.cpc ...
Reading rmnwlk18.cpc ...
Reading rmnwlk19.cpc ...
Reading rmnwlk20.cpc ...
Reading rmnwlk21.cpc ...
Reading rmnwlk22.cpc ...
Reading rmnwlk23.cpc ...
Reading rmnwlk24.cpc ...
Reading rmnwlk25.cpc ...
Reading rmnwlk26.cpc ...
Reading rmnwlk27.cpc ...
Reading rmnwlk28.cpc ...
Reading rmnwlk29.cpc ...
Reading rmnwlk30.cpc ...
Reading rmnwlk31.cpc ...
Reading rmnwlk32.cpc ...
Reading rmnwlk33.cpc ...
Reading rmnwlk34.cpc ...
Reading rmnwlk35.cpc ...
Reading rmnwlk36.cpc ...
Reading rmnwlk37.cpc ...
Reading rmnwlk38.cpc ...
Reading rmnwlk39.cpc ...
Reading rmnwlk40.cpc ...
Reading rmnwlk41.cpc ...
Reading rmnwlk42.cpc ...
Reading rmnwlk43.cpc ...
Reading rmnwlk44.cpc ...
Reading rmnwlk45.cpc ...
Reading rmnwlk46.cpc ...
Reading rmnwlk47.cpc ...
Reading rmnwlk48.cpc ...
Reading romndi01.cpc ...
Reading romndi02.cpc ...
Reading romndi03.cpc ...
Reading romndi04.cpc ...
Reading romndi05.cpc ...
Reading romndi06.cpc ...
Reading romndi07.cpc ...
Reading romndi08.cpc ...
Reading romndi09.cpc ...
Reading romndi10.cpc ...
Reading romndi11.cpc ...
Reading romndi12.cpc ...
Reading romndi13.cpc ...
Reading romndi14.cpc ...
Reading romndi15.cpc ...
Reading romndi16.cpc ...
Reading romndi17.cpc ...
Reading romndi18.cpc ...
Reading romndi19.cpc ...
Reading romndi20.cpc ...
Reading romndi21.cpc ...
Reading romndi22.cpc ...
Reading romndi23.cpc ...
Reading romndi24.cpc ...
Reading romndi25.cpc ...
Reading romndi26.cpc ...
Reading romndi27.cpc ...
Reading romndi28.cpc ...
Reading romndi29.cpc ...
Reading romndi30.cpc ...
Reading romndi31.cpc ...
Reading romndi32.cpc ...
Reading roman.oaf ...
Total:  129 indexes
