STEFAN\STEFAN.RES         01001      // Stefan the wonder monger
wizblue\wizblue.res       01002      // Blue wizard
shadow\shadow.RES         01003      // Poltergeist/Shadow creature
dragon\dragon.res         01005      // Wyvern
wizorng\wizorng.res       01006      // Orange wizard/sorcerer
biff\biff.res             01007      // Biff/Gargoyle
knithrs\knithrs.res       01008      // Knights of Andreas on Horseback
kxw\kxw.res               01009      // KOA .. on foot
apollo\apollo.res         01010      // Apollo
roman\roman.res           01011      // Legionaires
banshee\banshee.res       01012      // Banshee
amazon\amazon.res         01013      // Amazon
evilarch\evilarch.res     01014      // Eastern archer (evil archer)
giantarc\giantarc.res     01015      // Giant EAstern Archer (god)
elk\elk.res               01016      // Elk
wolf\wolf.res             01017      // Wolf
archer\archer.res         01018      // Elf archer
druid\druid.res           01019      // Druid
lich\lich.res             01020      // Lich 
dragon2\dragon2.res       01021      // Dragon (orange/red/yellow)
hydra\hydra.res           01022      // Hydra
griffon\griffon.res       01023      // Griffon
dragon\dragon.res         01024      // Orange/Red dragon
skeleton\skeleton.res     01025      // Skeleton
boulder\boulder.res       01026      // Boulder
bronze\bronze.res         03000      // Bronze Barbarian
gus\gus.res               03001      // Black barbarian
phil\phil.res             03002      // White barbarian
blue\blue.res             03003      // Blue barbarian (blu)
