
 Volume in drive G is STACVOL_DSK
 Directory of G:\ARTFINAL\OBJS\GUS

[.]           	[..]          	GUS.INF     	GUS.FL      	DIR.LST     
GUS01.CPC   	GUS02.CPC   	GUS03.CPC   	GUS04.CPC   	GUS05.CPC   
GUS06.CPC   	GUS07.CPC   	GUS08.CPC   	GUS09.CPC   	GUS10.CPC   
GUS11.CPC   	GUS12.CPC   	GUS13.CPC   	GUS14.CPC   	GUS15.CPC   
GUS16.CPC   	GUS17.CPC   	GUS18.CPC   	GUS19.CPC   	GUS20.CPC   
GUS21.CPC   	GUS22.CPC   	GUS23.CPC   	GUS24.CPC   	GUS25.CPC   
GUS26.CPC   	GUS27.CPC   	GUS28.CPC   	GUS29.CPC   	GUS30.CPC   
GUS31.CPC   	GUS32.CPC   	GUS33.CPC   	GUS34.CPC   	GUS35.CPC   
GUS36.CPC   	GUS37.CPC   	GUS38.CPC   	GUS39.CPC   	GUS40.CPC   
GUS41.CPC   	GUS42.CPC   	GUS43.CPC   	GUS44.CPC   	GUS45.CPC   
GUS46.CPC   	GUS47.CPC   	GUS48.CPC   	DEDGUS01.CPC	DEDGUS02.CPC
DEDGUS03.CPC	DEDGUS04.CPC	DEDGUS05.CPC	DEDGUS06.CPC	DEDGUS07.CPC
DEDGUS08.CPC	DEDGUS09.CPC	DEDGUS10.CPC	DEDGUS11.CPC	DEDGUS12.CPC
DEDGUS13.CPC	DEDGUS14.CPC	DEDGUS15.CPC	DEDGUS16.CPC	DEDGUS17.CPC
DEDGUS18.CPC	DEDGUS19.CPC	DEDGUS20.CPC	DEDGUS21.CPC	DEDGUS22.CPC
DEDGUS23.CPC	DEDGUS24.CPC	DEDGUS25.CPC	DEDGUS26.CPC	DEDGUS27.CPC
DEDGUS28.CPC	DEDGUS29.CPC	DEDGUS30.CPC	DEDGUS31.CPC	DEDGUS32.CPC
GSATK01.CPC 	GSATK02.CPC 	GSATK03.CPC 	GSATK04.CPC 	GSATK05.CPC 
GSATK06.CPC 	GSATK07.CPC 	GSATK08.CPC 	GSATK09.CPC 	GSATK10.CPC 
GSATK11.CPC 	GSATK12.CPC 	GSATK13.CPC 	GSATK14.CPC 	GSATK15.CPC 
GSATK16.CPC 	[SOURCES]     
      102 file(s)        130,016 bytes
                     468,238,336 bytes free
